Analysis & Synthesis report for LED_ctrl_2
Mon Aug 31 18:22:48 2026
Quartus Prime Version 18.0.0 Build 614 04/24/2018 SJ Standard Edition


---------------------
; Table of Contents ;
---------------------
  1. Legal Notice
  2. Analysis & Synthesis Summary
  3. Analysis & Synthesis Settings
  4. Parallel Compilation
  5. Analysis & Synthesis Source Files Read
  6. Analysis & Synthesis Resource Usage Summary
  7. Analysis & Synthesis Resource Utilization by Entity
  8. Registers Removed During Synthesis
  9. General Register Statistics
 10. Parameter Settings for User Entity Instance: LED_twincle:LED_twincle
 11. Parameter Settings for User Entity Instance: LED_twincle:LED_twincle1
 12. Parameter Settings for User Entity Instance: LED_twincle:LED_twincle2
 13. Parameter Settings for User Entity Instance: LED_twincle:LED_twincle3
 14. Post-Synthesis Netlist Statistics for Top Partition
 15. Elapsed Time Per Partition
 16. Analysis & Synthesis Messages
 17. Analysis & Synthesis Suppressed Messages



----------------
; Legal Notice ;
----------------
Copyright (C) 2018  Intel Corporation. All rights reserved.
Your use of Intel Corporation's design tools, logic functions 
and other software and tools, and its AMPP partner logic 
functions, and any output files from any of the foregoing 
(including device programming or simulation files), and any 
associated documentation or information are expressly subject 
to the terms and conditions of the Intel Program License 
Subscription Agreement, the Intel Quartus Prime License Agreement,
the Intel FPGA IP License Agreement, or other applicable license
agreement, including, without limitation, that your use is for
the sole purpose of programming logic devices manufactured by
Intel and sold by Intel or its authorized distributors.  Please
refer to the applicable agreement for further details.



+--------------------------------------------------------------------------------------+
; Analysis & Synthesis Summary                                                         ;
+------------------------------------+-------------------------------------------------+
; Analysis & Synthesis Status        ; Successful - Mon Aug 31 18:22:48 2026           ;
; Quartus Prime Version              ; 18.0.0 Build 614 04/24/2018 SJ Standard Edition ;
; Revision Name                      ; LED_ctrl_2                                      ;
; Top-level Entity Name              ; LED_ctrl_2                                      ;
; Family                             ; Cyclone IV E                                    ;
; Total logic elements               ; 174                                             ;
;     Total combinational functions  ; 174                                             ;
;     Dedicated logic registers      ; 90                                              ;
; Total registers                    ; 90                                              ;
; Total pins                         ; 6                                               ;
; Total virtual pins                 ; 0                                               ;
; Total memory bits                  ; 0                                               ;
; Embedded Multiplier 9-bit elements ; 0                                               ;
; Total PLLs                         ; 0                                               ;
+------------------------------------+-------------------------------------------------+


+------------------------------------------------------------------------------------------------------------+
; Analysis & Synthesis Settings                                                                              ;
+------------------------------------------------------------------+--------------------+--------------------+
; Option                                                           ; Setting            ; Default Value      ;
+------------------------------------------------------------------+--------------------+--------------------+
; Device                                                           ; EP4CE10F17C8       ;                    ;
; Top-level entity name                                            ; LED_ctrl_2         ; LED_ctrl_2         ;
; Family name                                                      ; Cyclone IV E       ; Cyclone V          ;
; Use smart compilation                                            ; Off                ; Off                ;
; Enable parallel Assembler and Timing Analyzer during compilation ; On                 ; On                 ;
; Enable compact report table                                      ; Off                ; Off                ;
; Restructure Multiplexers                                         ; Auto               ; Auto               ;
; Create Debugging Nodes for IP Cores                              ; Off                ; Off                ;
; Preserve fewer node names                                        ; On                 ; On                 ;
; Intel FPGA IP Evaluation Mode                                    ; Enable             ; Enable             ;
; Verilog Version                                                  ; Verilog_2001       ; Verilog_2001       ;
; VHDL Version                                                     ; VHDL_1993          ; VHDL_1993          ;
; State Machine Processing                                         ; Auto               ; Auto               ;
; Safe State Machine                                               ; Off                ; Off                ;
; Extract Verilog State Machines                                   ; On                 ; On                 ;
; Extract VHDL State Machines                                      ; On                 ; On                 ;
; Ignore Verilog initial constructs                                ; Off                ; Off                ;
; Iteration limit for constant Verilog loops                       ; 5000               ; 5000               ;
; Iteration limit for non-constant Verilog loops                   ; 250                ; 250                ;
; Add Pass-Through Logic to Inferred RAMs                          ; On                 ; On                 ;
; Infer RAMs from Raw Logic                                        ; On                 ; On                 ;
; Parallel Synthesis                                               ; On                 ; On                 ;
; DSP Block Balancing                                              ; Auto               ; Auto               ;
; NOT Gate Push-Back                                               ; On                 ; On                 ;
; Power-Up Don't Care                                              ; On                 ; On                 ;
; Remove Redundant Logic Cells                                     ; Off                ; Off                ;
; Remove Duplicate Registers                                       ; On                 ; On                 ;
; Ignore CARRY Buffers                                             ; Off                ; Off                ;
; Ignore CASCADE Buffers                                           ; Off                ; Off                ;
; Ignore GLOBAL Buffers                                            ; Off                ; Off                ;
; Ignore ROW GLOBAL Buffers                                        ; Off                ; Off                ;
; Ignore LCELL Buffers                                             ; Off                ; Off                ;
; Ignore SOFT Buffers                                              ; On                 ; On                 ;
; Limit AHDL Integers to 32 Bits                                   ; Off                ; Off                ;
; Optimization Technique                                           ; Balanced           ; Balanced           ;
; Carry Chain Length                                               ; 70                 ; 70                 ;
; Auto Carry Chains                                                ; On                 ; On                 ;
; Auto Open-Drain Pins                                             ; On                 ; On                 ;
; Perform WYSIWYG Primitive Resynthesis                            ; Off                ; Off                ;
; Auto ROM Replacement                                             ; On                 ; On                 ;
; Auto RAM Replacement                                             ; On                 ; On                 ;
; Auto DSP Block Replacement                                       ; On                 ; On                 ;
; Auto Shift Register Replacement                                  ; Auto               ; Auto               ;
; Allow Shift Register Merging across Hierarchies                  ; Auto               ; Auto               ;
; Auto Clock Enable Replacement                                    ; On                 ; On                 ;
; Strict RAM Replacement                                           ; Off                ; Off                ;
; Allow Synchronous Control Signals                                ; On                 ; On                 ;
; Force Use of Synchronous Clear Signals                           ; Off                ; Off                ;
; Auto RAM Block Balancing                                         ; On                 ; On                 ;
; Auto RAM to Logic Cell Conversion                                ; Off                ; Off                ;
; Auto Resource Sharing                                            ; Off                ; Off                ;
; Allow Any RAM Size For Recognition                               ; Off                ; Off                ;
; Allow Any ROM Size For Recognition                               ; Off                ; Off                ;
; Allow Any Shift Register Size For Recognition                    ; Off                ; Off                ;
; Use LogicLock Constraints during Resource Balancing              ; On                 ; On                 ;
; Ignore translate_off and synthesis_off directives                ; Off                ; Off                ;
; Timing-Driven Synthesis                                          ; On                 ; On                 ;
; Report Parameter Settings                                        ; On                 ; On                 ;
; Report Source Assignments                                        ; On                 ; On                 ;
; Report Connectivity Checks                                       ; On                 ; On                 ;
; Ignore Maximum Fan-Out Assignments                               ; Off                ; Off                ;
; Synchronization Register Chain Length                            ; 2                  ; 2                  ;
; Power Optimization During Synthesis                              ; Normal compilation ; Normal compilation ;
; HDL message level                                                ; Level2             ; Level2             ;
; Suppress Register Optimization Related Messages                  ; Off                ; Off                ;
; Number of Removed Registers Reported in Synthesis Report         ; 5000               ; 5000               ;
; Number of Swept Nodes Reported in Synthesis Report               ; 5000               ; 5000               ;
; Number of Inverted Registers Reported in Synthesis Report        ; 100                ; 100                ;
; Clock MUX Protection                                             ; On                 ; On                 ;
; Auto Gated Clock Conversion                                      ; Off                ; Off                ;
; Block Design Naming                                              ; Auto               ; Auto               ;
; SDC constraint protection                                        ; Off                ; Off                ;
; Synthesis Effort                                                 ; Auto               ; Auto               ;
; Shift Register Replacement - Allow Asynchronous Clear Signal     ; On                 ; On                 ;
; Pre-Mapping Resynthesis Optimization                             ; Off                ; Off                ;
; Analysis & Synthesis Message Level                               ; Medium             ; Medium             ;
; Disable Register Merging Across Hierarchies                      ; Auto               ; Auto               ;
; Resource Aware Inference For Block RAM                           ; On                 ; On                 ;
+------------------------------------------------------------------+--------------------+--------------------+


+------------------------------------------+
; Parallel Compilation                     ;
+----------------------------+-------------+
; Processors                 ; Number      ;
+----------------------------+-------------+
; Number detected on machine ; 12          ;
; Maximum allowed            ; 6           ;
;                            ;             ;
; Average used               ; 1.00        ;
; Maximum used               ; 6           ;
;                            ;             ;
; Usage by Processor         ; % Time Used ;
;     Processor 1            ; 100.0%      ;
;     Processors 2-6         ;   0.0%      ;
+----------------------------+-------------+


+---------------------------------------------------------------------------------------------------------------------------------------+
; Analysis & Synthesis Source Files Read                                                                                                ;
+----------------------------------+-----------------+------------------------+-----------------------------------------------+---------+
; File Name with User-Entered Path ; Used in Netlist ; File Type              ; File Name with Absolute Path                  ; Library ;
+----------------------------------+-----------------+------------------------+-----------------------------------------------+---------+
; src/LED_ctrl_2.v                 ; yes             ; User Verilog HDL File  ; D:/FPGA_Pro/User/LED_ctrl_2/src/LED_ctrl_2.v  ;         ;
; src/LED_twincle.v                ; yes             ; User Verilog HDL File  ; D:/FPGA_Pro/User/LED_ctrl_2/src/LED_twincle.v ;         ;
+----------------------------------+-----------------+------------------------+-----------------------------------------------+---------+


+---------------------------------------------------------+
; Analysis & Synthesis Resource Usage Summary             ;
+---------------------------------------------+-----------+
; Resource                                    ; Usage     ;
+---------------------------------------------+-----------+
; Estimated Total logic elements              ; 174       ;
;                                             ;           ;
; Total combinational functions               ; 174       ;
; Logic element usage by number of LUT inputs ;           ;
;     -- 4 input functions                    ; 29        ;
;     -- 3 input functions                    ; 3         ;
;     -- <=2 input functions                  ; 142       ;
;                                             ;           ;
; Logic elements by mode                      ;           ;
;     -- normal mode                          ; 81        ;
;     -- arithmetic mode                      ; 93        ;
;                                             ;           ;
; Total registers                             ; 90        ;
;     -- Dedicated logic registers            ; 90        ;
;     -- I/O registers                        ; 0         ;
;                                             ;           ;
; I/O pins                                    ; 6         ;
;                                             ;           ;
; Embedded Multiplier 9-bit elements          ; 0         ;
;                                             ;           ;
; Maximum fan-out node                        ; Clk~input ;
; Maximum fan-out                             ; 90        ;
; Total fan-out                               ; 685       ;
; Average fan-out                             ; 2.48      ;
+---------------------------------------------+-----------+


+------------------------------------------------------------------------------------------------------------------------------------------------------------------------------------------------------------------------------+
; Analysis & Synthesis Resource Utilization by Entity                                                                                                                                                                          ;
+-------------------------------+---------------------+---------------------------+-------------+--------------+---------+-----------+------+--------------+--------------------------------------+-------------+--------------+
; Compilation Hierarchy Node    ; Combinational ALUTs ; Dedicated Logic Registers ; Memory Bits ; DSP Elements ; DSP 9x9 ; DSP 18x18 ; Pins ; Virtual Pins ; Full Hierarchy Name                  ; Entity Name ; Library Name ;
+-------------------------------+---------------------+---------------------------+-------------+--------------+---------+-----------+------+--------------+--------------------------------------+-------------+--------------+
; |LED_ctrl_2                   ; 174 (0)             ; 90 (0)                    ; 0           ; 0            ; 0       ; 0         ; 6    ; 0            ; |LED_ctrl_2                          ; LED_ctrl_2  ; work         ;
;    |LED_twincle:LED_twincle1| ; 44 (44)             ; 21 (21)                   ; 0           ; 0            ; 0       ; 0         ; 0    ; 0            ; |LED_ctrl_2|LED_twincle:LED_twincle1 ; LED_twincle ; work         ;
;    |LED_twincle:LED_twincle2| ; 44 (44)             ; 22 (22)                   ; 0           ; 0            ; 0       ; 0         ; 0    ; 0            ; |LED_ctrl_2|LED_twincle:LED_twincle2 ; LED_twincle ; work         ;
;    |LED_twincle:LED_twincle3| ; 40 (40)             ; 21 (21)                   ; 0           ; 0            ; 0       ; 0         ; 0    ; 0            ; |LED_ctrl_2|LED_twincle:LED_twincle3 ; LED_twincle ; work         ;
;    |LED_twincle:LED_twincle|  ; 46 (46)             ; 26 (26)                   ; 0           ; 0            ; 0       ; 0         ; 0    ; 0            ; |LED_ctrl_2|LED_twincle:LED_twincle  ; LED_twincle ; work         ;
+-------------------------------+---------------------+---------------------------+-------------+--------------+---------+-----------+------+--------------+--------------------------------------+-------------+--------------+
Note: For table entries with two numbers listed, the numbers in parentheses indicate the number of resources of the given type used by the specific entity alone. The numbers listed outside of parentheses indicate the total resources of the given type used by the specific entity and all of its sub-entities in the hierarchy.


+------------------------------------------------------------------------------------------+
; Registers Removed During Synthesis                                                       ;
+----------------------------------------+-------------------------------------------------+
; Register name                          ; Reason for Removal                              ;
+----------------------------------------+-------------------------------------------------+
; LED_twincle:LED_twincle3|counter[0]    ; Merged with LED_twincle:LED_twincle|counter[0]  ;
; LED_twincle:LED_twincle2|counter[0]    ; Merged with LED_twincle:LED_twincle|counter[0]  ;
; LED_twincle:LED_twincle1|counter[0]    ; Merged with LED_twincle:LED_twincle|counter[0]  ;
; LED_twincle:LED_twincle1|counter[1]    ; Merged with LED_twincle:LED_twincle|counter[1]  ;
; LED_twincle:LED_twincle2|counter[1]    ; Merged with LED_twincle:LED_twincle|counter[1]  ;
; LED_twincle:LED_twincle3|counter[1]    ; Merged with LED_twincle:LED_twincle|counter[1]  ;
; LED_twincle:LED_twincle3|counter[2]    ; Merged with LED_twincle:LED_twincle1|counter[2] ;
; LED_twincle:LED_twincle2|counter[2]    ; Merged with LED_twincle:LED_twincle1|counter[2] ;
; LED_twincle:LED_twincle1|counter[2]    ; Merged with LED_twincle:LED_twincle|counter[2]  ;
; LED_twincle:LED_twincle2|counter[3]    ; Merged with LED_twincle:LED_twincle1|counter[3] ;
; LED_twincle:LED_twincle3|counter[3]    ; Merged with LED_twincle:LED_twincle1|counter[3] ;
; LED_twincle:LED_twincle1|counter[3]    ; Merged with LED_twincle:LED_twincle|counter[3]  ;
; LED_twincle:LED_twincle3|counter[4]    ; Merged with LED_twincle:LED_twincle1|counter[4] ;
; LED_twincle:LED_twincle1|counter[4]    ; Merged with LED_twincle:LED_twincle|counter[4]  ;
; Total Number of Removed Registers = 14 ;                                                 ;
+----------------------------------------+-------------------------------------------------+


+------------------------------------------------------+
; General Register Statistics                          ;
+----------------------------------------------+-------+
; Statistic                                    ; Value ;
+----------------------------------------------+-------+
; Total registers                              ; 90    ;
; Number of registers using Synchronous Clear  ; 0     ;
; Number of registers using Synchronous Load   ; 0     ;
; Number of registers using Asynchronous Clear ; 90    ;
; Number of registers using Asynchronous Load  ; 0     ;
; Number of registers using Clock Enable       ; 0     ;
; Number of registers using Preset             ; 0     ;
+----------------------------------------------+-------+


+----------------------------------------------------------------------+
; Parameter Settings for User Entity Instance: LED_twincle:LED_twincle ;
+----------------+----------+------------------------------------------+
; Parameter Name ; Value    ; Type                                     ;
+----------------+----------+------------------------------------------+
; MCNT           ; 24999999 ; Signed Integer                           ;
+----------------+----------+------------------------------------------+
Note: In order to hide this table in the UI and the text report file, please set the "Show Parameter Settings in Synthesis Report" option in "Analysis and Synthesis Settings -> More Settings" to "Off".


+-----------------------------------------------------------------------+
; Parameter Settings for User Entity Instance: LED_twincle:LED_twincle1 ;
+----------------+----------+-------------------------------------------+
; Parameter Name ; Value    ; Type                                      ;
+----------------+----------+-------------------------------------------+
; MCNT           ; 12499999 ; Signed Integer                            ;
+----------------+----------+-------------------------------------------+
Note: In order to hide this table in the UI and the text report file, please set the "Show Parameter Settings in Synthesis Report" option in "Analysis and Synthesis Settings -> More Settings" to "Off".


+-----------------------------------------------------------------------+
; Parameter Settings for User Entity Instance: LED_twincle:LED_twincle2 ;
+----------------+---------+--------------------------------------------+
; Parameter Name ; Value   ; Type                                       ;
+----------------+---------+--------------------------------------------+
; MCNT           ; 6249999 ; Signed Integer                             ;
+----------------+---------+--------------------------------------------+
Note: In order to hide this table in the UI and the text report file, please set the "Show Parameter Settings in Synthesis Report" option in "Analysis and Synthesis Settings -> More Settings" to "Off".


+-----------------------------------------------------------------------+
; Parameter Settings for User Entity Instance: LED_twincle:LED_twincle3 ;
+----------------+---------+--------------------------------------------+
; Parameter Name ; Value   ; Type                                       ;
+----------------+---------+--------------------------------------------+
; MCNT           ; 2499999 ; Signed Integer                             ;
+----------------+---------+--------------------------------------------+
Note: In order to hide this table in the UI and the text report file, please set the "Show Parameter Settings in Synthesis Report" option in "Analysis and Synthesis Settings -> More Settings" to "Off".


+-----------------------------------------------------+
; Post-Synthesis Netlist Statistics for Top Partition ;
+-----------------------+-----------------------------+
; Type                  ; Count                       ;
+-----------------------+-----------------------------+
; boundary_port         ; 6                           ;
; cycloneiii_ff         ; 90                          ;
;     CLR               ; 90                          ;
; cycloneiii_lcell_comb ; 174                         ;
;     arith             ; 93                          ;
;         2 data inputs ; 90                          ;
;         3 data inputs ; 3                           ;
;     normal            ; 81                          ;
;         1 data inputs ; 4                           ;
;         2 data inputs ; 48                          ;
;         4 data inputs ; 29                          ;
;                       ;                             ;
; Max LUT depth         ; 4.40                        ;
; Average LUT depth     ; 3.57                        ;
+-----------------------+-----------------------------+


+-------------------------------+
; Elapsed Time Per Partition    ;
+----------------+--------------+
; Partition Name ; Elapsed Time ;
+----------------+--------------+
; Top            ; 00:00:00     ;
+----------------+--------------+


+-------------------------------+
; Analysis & Synthesis Messages ;
+-------------------------------+
Info: *******************************************************************
Info: Running Quartus Prime Analysis & Synthesis
    Info: Version 18.0.0 Build 614 04/24/2018 SJ Standard Edition
    Info: Processing started: Mon Aug 31 18:22:38 2026
Info: Command: quartus_map --read_settings_files=on --write_settings_files=off LED_ctrl_2 -c LED_ctrl_2
Warning (18236): Number of processors has not been specified which may cause overloading on shared machines.  Set the global assignment NUM_PARALLEL_PROCESSORS in your QSF to an appropriate value for best performance.
Info (20030): Parallel compilation is enabled and will use 6 of the 6 processors detected
Info (12021): Found 1 design units, including 1 entities, in source file src/led_ctrl_2.v
    Info (12023): Found entity 1: LED_ctrl_2 File: D:/FPGA_Pro/User/LED_ctrl_2/src/LED_ctrl_2.v Line: 1
Info (12021): Found 1 design units, including 1 entities, in source file src/led_twincle.v
    Info (12023): Found entity 1: LED_twincle File: D:/FPGA_Pro/User/LED_ctrl_2/src/LED_twincle.v Line: 1
Info (12021): Found 1 design units, including 1 entities, in source file src/led_ctrl_2_tb.v
    Info (12023): Found entity 1: LED_ctrl_2_tb File: D:/FPGA_Pro/User/LED_ctrl_2/src/LED_ctrl_2_tb.v Line: 3
Info (12127): Elaborating entity "LED_ctrl_2" for the top level hierarchy
Info (12128): Elaborating entity "LED_twincle" for hierarchy "LED_twincle:LED_twincle" File: D:/FPGA_Pro/User/LED_ctrl_2/src/LED_ctrl_2.v Line: 16
Info (12128): Elaborating entity "LED_twincle" for hierarchy "LED_twincle:LED_twincle1" File: D:/FPGA_Pro/User/LED_ctrl_2/src/LED_ctrl_2.v Line: 27
Info (12128): Elaborating entity "LED_twincle" for hierarchy "LED_twincle:LED_twincle2" File: D:/FPGA_Pro/User/LED_ctrl_2/src/LED_ctrl_2.v Line: 34
Info (12128): Elaborating entity "LED_twincle" for hierarchy "LED_twincle:LED_twincle3" File: D:/FPGA_Pro/User/LED_ctrl_2/src/LED_ctrl_2.v Line: 41
Info (286030): Timing-Driven Synthesis is running
Info (144001): Generated suppressed messages file D:/FPGA_Pro/User/LED_ctrl_2/output_files/LED_ctrl_2.map.smsg
Info (16010): Generating hard_block partition "hard_block:auto_generated_inst"
    Info (16011): Adding 0 node(s), including 0 DDIO, 0 PLL, 0 transceiver and 0 LCELL
Info (21057): Implemented 180 device resources after synthesis - the final resource count might be different
    Info (21058): Implemented 2 input pins
    Info (21059): Implemented 4 output pins
    Info (21061): Implemented 174 logic cells
Info: Quartus Prime Analysis & Synthesis was successful. 0 errors, 1 warning
    Info: Peak virtual memory: 4790 megabytes
    Info: Processing ended: Mon Aug 31 18:22:48 2026
    Info: Elapsed time: 00:00:10
    Info: Total CPU time (on all processors): 00:00:23


+------------------------------------------+
; Analysis & Synthesis Suppressed Messages ;
+------------------------------------------+
The suppressed messages can be found in D:/FPGA_Pro/User/LED_ctrl_2/output_files/LED_ctrl_2.map.smsg.


